// Jest Snapshot v1, https://goo.gl/fbAQLP

exports[`<Synonym /> renders 1`] = `
<li
  className="Box-row clearfix css-truncate p-2 d-flex"
>
  <div
    className="col-10"
  >
    Gnusto
  </div>
  <div
    className="col-1"
  >
    en
  </div>
  <div
    className="col-1 remove-synonym"
  >
    <span
      onClick={[Function]}
      role="button"
      tabIndex={0}
    >
      <GoTrashcan />
    </span>
  </div>
</li>
`;
