// Jest Snapshot v1, https://goo.gl/fbAQLP

exports[`<UserNav /> renders 1`] = `
<Fragment>
  <Link
    className="Link--primary px-2"
    to="/review"
  >
    Review
  </Link>
  <Relay(UserDropdown)
    viewer={Object {}}
  />
</Fragment>
`;
