// Jest Snapshot v1, https://goo.gl/fbAQLP

exports[`<SignUpPage /> renders 1`] = `
<div
  className="SignUpPage clearfix"
>
  <div
    className="col-6"
  >
    <h1>
      Join Digraph
    </h1>
    <p
      className="lead"
    >
      Keep track of everything you've ever read on the Internet.
    </p>
    <GithubLogin
      className="mb-5"
    />
    <h2
      className="f2-light mb-1"
    >
      Or create an account
    </h2>
    <form>
      <dl
        className="form-group required"
      >
        <dt>
          <label
            htmlFor="username"
          >
            Username
          </label>
        </dt>
        <dd>
          <input
            className="form-control"
            id="username"
            type="text"
          />
          <p
            className="note"
          >
            Used similarly to a GitHub username.
          </p>
        </dd>
      </dl>
      <dl
        className="form-group required"
      >
        <dt>
          <label
            htmlFor="email"
          >
            Email address
          </label>
        </dt>
        <dd>
          <input
            className="form-control"
            id="email"
            type="text"
          />
          <p
            className="note"
          >
            For getting in touch with you if something important comes up. We will not sell your email address to third parties.
          </p>
        </dd>
      </dl>
      <dl
        className="form-group required"
      >
        <dt>
          <label
            htmlFor="password"
          >
            Password
          </label>
        </dt>
        <dd>
          <input
            className="form-control"
            id="password"
            type="text"
          />
          <p
            className="note"
          >
            At least 15 characters long.
          </p>
        </dd>
      </dl>
    </form>
    <h2
      className="mb-2"
    >
      Verify account
    </h2>
    <div
      className="width-full mb-4"
    >
      <AsyncScriptLoader(ReCAPTCHA)
        onChange={[Function]}
        sitekey="6LfOQosUAAAAAClaTyOmN0d64syvFjxdys1nUkbd"
      />
    </div>
    <button
      className="btn btn-primary"
      disabled={true}
      type="submit"
    >
      Create an account
    </button>
  </div>
</div>
`;
