// Jest Snapshot v1, https://goo.gl/fbAQLP

exports[`<TopicPage /> renders 1`] = `
<Page>
  <div
    className="px-3 px-md-6 px-lg-0"
  >
    <Breadcrumbs
      repository={
        Object {
          "displayName": "Private collection",
          "isPrivate": true,
        }
      }
    />
    <Subhead
      heading="Frotz"
      renderHeadingDetail={null}
    />
    <Columns>
      <RightColumn>
        <_default
          items={Array []}
          placeholder="There are no parent topics for this topic."
          repoName="Private collection"
          title="Parent topics"
        />
      </RightColumn>
      <LeftColumn>
        <_default
          hasItems={false}
          placeholder="There are no items in this list."
        />
      </LeftColumn>
    </Columns>
  </div>
</Page>
`;
