// Jest Snapshot v1, https://goo.gl/fbAQLP

exports[`<AddLink /> renders 1`] = `
<dl
  className="form-group"
>
  <dt>
    <span
      aria-label="Add a link to this topic.
Press \\"Return\\" to submit the new link."
      className="tooltipped tooltipped-ne"
    >
      <label
        htmlFor="create-link-url"
      >
        Add link
      </label>
    </span>
  </dt>
  <dd>
    <input
      className="form-control test-link-url input-sm"
      disabled={false}
      id="create-link-url"
      onChange={[Function]}
      onKeyPress={[Function]}
      placeholder="Url"
      type="url"
      value=""
    />
  </dd>
</dl>
`;
