// Jest Snapshot v1, https://goo.gl/fbAQLP

exports[`<Synonyms /> renders 1`] = `
<dl
  className="form-group"
>
  <label
    htmlFor="names-and-synonyms"
  >
    Names and synonyms
  </label>
  <ul
    className="Box list-style-none mt-1 mb-2"
  >
    <SynonymList
      onDelete={[Function]}
      onUpdate={[Function]}
      synonyms={
        Object {
          "edges": Array [
            Object {
              "node": Object {
                "id": "1234",
                "name": "Gnusto",
              },
            },
          ],
        }
      }
    />
  </ul>
</dl>
`;
