// Jest Snapshot v1, https://goo.gl/fbAQLP

exports[`<Alert /> renders 1`] = `
<div
  className="flash fade in mt-3 mb-3 flash-success"
>
  <button
    className="flash-close"
    type="button"
  >
    <GoX />
  </button>
</div>
`;
