// Jest Snapshot v1, https://goo.gl/fbAQLP

exports[`<SignInPage /> renders 1`] = `
<Page>
  <div
    className="SignInPage clearfix"
  >
    <div
      className="col-10 col-md-6 column"
    >
      <h2
        className="mb-2"
      >
        Sign in
      </h2>
      <p
        className="mb-2"
      >
        Log in with your GitHub account:
      </p>
      <GithubLogin
        className="mb-5"
      />
    </div>
  </div>
</Page>
`;
