// Jest Snapshot v1, https://goo.gl/fbAQLP

exports[`<SynonymList /> renders 1`] = `
<Synonym
  key="Gnusto"
  synonym={
    Object {
      "id": "1234",
      "name": "Gnusto",
    }
  }
/>
`;
