// Jest Snapshot v1, https://goo.gl/fbAQLP

exports[`<AddTopic /> renders 1`] = `
<dl
  className="form-group"
>
  <dt>
    <span
      aria-label="Add a subtopic to this topic. You can click \\"Edit\\"
afterwards if it also belongs under another topic.
Press \\"Return\\" to submit the new topic."
      className="tooltipped tooltipped-ne"
    >
      <label
        htmlFor="create-topic-name"
      >
        Add subtopic
      </label>
    </span>
  </dt>
  <dd>
    <input
      className="form-control test-topic-name input-sm"
      disabled={true}
      id="create-topic-name"
      onChange={[Function]}
      onKeyPress={[Function]}
      placeholder="Name or description"
      value=""
    />
  </dd>
</dl>
`;
