// Jest Snapshot v1, https://goo.gl/fbAQLP

exports[`<Item /> renders 1`] = `
<li
  className="Item-row Box-row"
  key="null"
  style={Object {}}
>
  <div
    className="clearfix d-flex flex-items-center"
  >
    <div
      className="col-10"
    >
      <div>
        <a
          className="Box-row-link"
          href="#"
        >
          title
        </a>
        <div />
      </div>
      <div />
    </div>
    <div
      className="col-2 text-center"
    >
      <span
        className="disabledLink"
      >
        Edit
      </span>
    </div>
  </div>
  <div />
</li>
`;
