// Jest Snapshot v1, https://goo.gl/fbAQLP

exports[`<LoadingPage /> renders 1`] = `
<Page>
  <nav
    aria-label="Breadcrumb"
    className="mb-1"
  >
    <ol>
      <li
        className="breadcrumb-item"
      >
        <GoRepo
          className="mr-1"
        />
         
        <a
          href="#"
        >
          Gnusto
        </a>
      </li>
      <li
        aria-current="page"
        className="breadcrumb-item breadcrumb-item-selected text-gray"
      >
        General collection
      </li>
    </ol>
  </nav>
  <div
    className="Subhead clearfix gutter"
  >
    <div
      className="Subhead-heading col-lg-8 col-12"
    >
      Some title
    </div>
    <Relay(SearchBox)
      className="col-lg-4 col-12"
      location={
        Object {
          "pathname": "/some/path",
          "state": Object {
            "itemTitle": "Some title",
            "orgLogin": "Gnusto",
            "repoName": "General collection",
          },
        }
      }
      value=""
    />
  </div>
  <div>
    <Columns>
      <RightColumn>
        <_default
          items={Array []}
          orgLogin="Gnusto"
          placeholder="There are no parent topics for this topic."
          repoName="General collection"
          title="Parent topics"
        />
      </RightColumn>
      <LeftColumn>
        <div
          className="blankslate"
        >
          <p>
            Searching the computers for items ...
          </p>
        </div>
      </LeftColumn>
    </Columns>
  </div>
</Page>
`;
