// Jest Snapshot v1, https://goo.gl/fbAQLP

exports[`<EditTopicList /> renders 1`] = `
<div
  className="form-group"
>
  <label
    htmlFor="parent-topics"
  >
    Parent topics
  </label>
  <ForwardRef
    backspaceRemovesValue={false}
    cacheOptions={false}
    className="mt-1"
    components={
      Object {
        "ClearIndicator": undefined,
      }
    }
    defaultOptions={Array []}
    escapeClearsValue={false}
    id="parent-topics"
    isClearable={false}
    isMulti={true}
    loadOptions={[Function]}
    onChange={[Function]}
    onInputChange={[Function]}
    placeholder="Add a topic"
    styles={
      Object {
        "control": [Function],
        "multiValue": [Function],
        "multiValueLabel": [Function],
        "multiValueRemove": [Function],
        "option": [Function],
      }
    }
    value={Array []}
  />
</div>
`;
